// Jest Snapshot v1, https://goo.gl/fbAQLP

exports[`Card should match the snapshot with all the data passed through 1`] = `
<Fragment>
  <article
    className="card__article"
    id="Luke Skywalker"
    type="people"
  >
    <header
      className="card__header"
    >
      <h3
        className="card__h3"
      >
        Luke Skywalker
      </h3>
      <img
        alt="Star Wars Favorite Button"
        height="40px"
        onClick={[Function]}
        src="http://images2.wikia.nocookie.net/__cb20080228205028/starwars/images/thumb/7/71/Redstarbird.svg/1600px-Redstarbird.svg.png"
        width="40px"
      />
    </header>
    <div
      className="card__div"
    >
      <p
        className="card__p"
      >
        Tatooine
      </p>
      <p
        className="card__p"
      >
        Human
      </p>
      <p
        className="card__p"
      >
        200000
      </p>
      <p
        className="card__p"
      >
        Galatic Basic
      </p>
      <p
        className="card__p"
      />
      <p
        className="card__p"
      />
      <p
        className="card__p"
      />
      <p
        className="card__p"
      />
      <p
        className="card__p"
      />
      <p
        className="card__p"
      />
      <p
        className="card__p"
      />
    </div>
    <div
      className="card__div--button"
    >
      <Link
        className="card__link"
        to="/people/Luke Skywalker"
      >
        <button
          className="card__button"
        >
          Click for More!
        </button>
      </Link>
    </div>
  </article>
  <article
    className="card__article"
    id="R2-D2"
    type="people"
  >
    <header
      className="card__header"
    >
      <h3
        className="card__h3"
      >
        R2-D2
      </h3>
      <img
        alt="Star Wars Favorite Button"
        height="40px"
        onClick={[Function]}
        src="https://vignette.wikia.nocookie.net/starwars/images/0/0e/Whitestarbird.svg/revision/latest?cb=20080310230901"
        width="40px"
      />
    </header>
    <div
      className="card__div"
    >
      <p
        className="card__p"
      >
        Naboo
      </p>
      <p
        className="card__p"
      >
        Droid
      </p>
      <p
        className="card__p"
      >
        4500000
      </p>
      <p
        className="card__p"
      >
        n/a
      </p>
      <p
        className="card__p"
      />
      <p
        className="card__p"
      />
      <p
        className="card__p"
      />
      <p
        className="card__p"
      />
      <p
        className="card__p"
      />
      <p
        className="card__p"
      />
      <p
        className="card__p"
      />
    </div>
    <div
      className="card__div--button"
    >
      <Link
        className="card__link"
        to="/people/R2-D2"
      >
        <button
          className="card__button"
        >
          Click for More!
        </button>
      </Link>
    </div>
  </article>
</Fragment>
`;
